
> backend@1.0.0 dev
> nodemon app.js

[33m[nodemon] 3.1.14[39m
[33m[nodemon] to restart at any time, enter `rs`[39m
[33m[nodemon] watching path(s): *.*[39m
[33m[nodemon] watching extensions: js,mjs,cjs,json[39m
[32m[nodemon] starting `node app.js`[39m
[dotenv@17.3.1] injecting env (5) from .env -- tip: ⚙️  specify custom .env file path with { path: '/custom/path/.env' }
Server is listening on http://localhost:3030
Mongo Db connected
[32m[nodemon] restarting due to changes...[39m
[32m[nodemon] starting `node app.js`[39m
[dotenv@17.3.1] injecting env (5) from .env -- tip: 🔐 prevent committing .env to code: https://dotenvx.com/precommit
Server is listening on http://localhost:3030
Mongo Db connected
[32m[nodemon] restarting due to changes...[39m
[32m[nodemon] starting `node app.js`[39m
[dotenv@17.3.1] injecting env (5) from .env -- tip: 🛡️ auth for agents: https://vestauth.com
Server is listening on http://localhost:3030
Mongo Db connected
[32m[nodemon] restarting due to changes...[39m
[32m[nodemon] starting `node app.js`[39m
[dotenv@17.3.1] injecting env (5) from .env -- tip: ⚙️  specify custom .env file path with { path: '/custom/path/.env' }
Server is listening on http://localhost:3030
Mongo Db connected
[32m[nodemon] restarting due to changes...[39m
[32m[nodemon] starting `node app.js`[39m
[dotenv@17.3.1] injecting env (5) from .env -- tip: 🔐 encrypt with Dotenvx: https://dotenvx.com
Server is listening on http://localhost:3030
Mongo Db connected
[32m[nodemon] restarting due to changes...[39m
[32m[nodemon] starting `node app.js`[39m
[dotenv@17.3.1] injecting env (5) from .env -- tip: ⚙️  specify custom .env file path with { path: '/custom/path/.env' }
Server is listening on http://localhost:3030
Mongo Db connected
[32m[nodemon] restarting due to changes...[39m
[32m[nodemon] starting `node app.js`[39m
[dotenv@17.3.1] injecting env (5) from .env -- tip: 🔐 prevent committing .env to code: https://dotenvx.com/precommit
Server is listening on http://localhost:3030
Mongo Db connected
[32m[nodemon] restarting due to changes...[39m
[32m[nodemon] starting `node app.js`[39m
[dotenv@17.3.1] injecting env (5) from .env -- tip: 🤖 agentic secret storage: https://dotenvx.com/as2
[dotenv@17.3.1] injecting env (0) from .env -- tip: 🛠️  run anywhere with `dotenvx run -- yourcommand`
Server is listening on http://localhost:3030
Mongo Db connected
[32m[nodemon] restarting due to changes...[39m
[32m[nodemon] starting `node app.js`[39m
[dotenv@17.3.1] injecting env (5) from .env -- tip: ⚙️  write to custom object with { processEnv: myObject }
[dotenv@17.3.1] injecting env (0) from .env -- tip: 🔐 prevent building .env in docker: https://dotenvx.com/prebuild
Server is listening on http://localhost:3030
Mongo Db connected
[32m[nodemon] restarting due to changes...[39m
[32m[nodemon] starting `node app.js`[39m
[dotenv@17.3.1] injecting env (5) from .env -- tip: ⚙️  override existing env vars with { override: true }
[dotenv@17.3.1] injecting env (0) from .env -- tip: ⚙️  override existing env vars with { override: true }
Server is listening on http://localhost:3030
Mongo Db connected
[32m[nodemon] restarting due to changes...[39m
[32m[nodemon] starting `node app.js`[39m
[dotenv@17.3.1] injecting env (5) from .env -- tip: ⚙️  suppress all logs with { quiet: true }
[dotenv@17.3.1] injecting env (0) from .env -- tip: ⚡️ secrets for agents: https://dotenvx.com/as2
Server is listening on http://localhost:3030
Mongo Db connected
[32m[nodemon] restarting due to changes...[39m
[32m[nodemon] starting `node app.js`[39m
